2025-12-05 06:46:58 [main] INFO  BcapApplication:55 - Starting BcapApplication using Java 21.0.6 on LeRuccoLOQ with PID 1816 (C:\bcap\bcap-be\target\classes started by drucc in C:\bcap\bcap-be)
2025-12-05 06:46:58 [main] INFO  BcapApplication:632 - No active profile set, falling back to 1 default profile: "default"
2025-12-05 06:47:00 [main] INFO  TomcatWebServer:108 - Tomcat initialized with port(s): 8080 (http)
2025-12-05 06:47:00 [main] INFO  Http11NioProtocol:173 - Initializing ProtocolHandler ["http-nio-8080"]
2025-12-05 06:47:00 [main] INFO  StandardService:173 - Starting service [Tomcat]
2025-12-05 06:47:00 [main] INFO  StandardEngine:173 - Starting Servlet engine: [Apache Tomcat/9.0.83]
2025-12-05 06:47:00 [main] INFO  [/]:173 - Initializing Spring embedded WebApplicationContext
2025-12-05 06:47:00 [main] INFO  ServletWebServerApplicationContext:292 - Root WebApplicationContext: initialization completed in 1691 ms
2025-12-05 06:47:00 [main] WARN  UserDetailsServiceAutoConfiguration:89 - 

Using generated security password: fe28aa53-abdc-4787-bf08-44ead5e845fc

This generated password is for development use only. Your security configuration must be updated before running your application in production.

2025-12-05 06:47:00 [main] INFO  DefaultSecurityFilterChain:55 - Will secure any request with [org.springframework.security.web.session.DisableEncodeUrlFilter@2a140ce5, org.springframework.security.web.context.request.async.WebAsyncManagerIntegrationFilter@1f71194d, org.springframework.security.web.context.SecurityContextPersistenceFilter@15639d09, org.springframework.security.web.header.HeaderWriterFilter@51c65a43, org.springframework.web.filter.CorsFilter@db99785, org.springframework.security.web.authentication.logout.LogoutFilter@a0bf272, maas.bcap.security.JwtAuthFilter@9ab310b, org.springframework.security.web.savedrequest.RequestCacheAwareFilter@52bd9a27, org.springframework.security.web.servletapi.SecurityContextHolderAwareRequestFilter@4d98e41b, org.springframework.security.web.authentication.AnonymousAuthenticationFilter@70716259, org.springframework.security.web.session.SessionManagementFilter@7455dacb, org.springframework.security.web.access.ExceptionTranslationFilter@40bf4386, org.springframework.security.web.access.intercept.AuthorizationFilter@195580ba]
2025-12-05 06:47:01 [main] INFO  EndpointLinksResolver:58 - Exposing 1 endpoint(s) beneath base path '/actuator'
2025-12-05 06:47:01 [main] INFO  Http11NioProtocol:173 - Starting ProtocolHandler ["http-nio-8080"]
2025-12-05 06:47:01 [main] INFO  TomcatWebServer:220 - Tomcat started on port(s): 8080 (http) with context path ''
2025-12-05 06:47:01 [main] INFO  BcapApplication:61 - Started BcapApplication in 3.098 seconds (JVM running for 3.831)
2025-12-05 06:47:01 [main] INFO  BcapApplication:18 - Start Application
2025-12-05 16:18:34 [main] INFO  BcapApplication:55 - Starting BcapApplication using Java 21.0.6 on LeRuccoLOQ with PID 29184 (C:\bcap\bcap-be\target\classes started by drucc in C:\bcap\bcap-be)
2025-12-05 16:18:34 [main] INFO  BcapApplication:632 - No active profile set, falling back to 1 default profile: "default"
2025-12-05 16:18:38 [main] INFO  TomcatWebServer:108 - Tomcat initialized with port(s): 8080 (http)
2025-12-05 16:18:38 [main] INFO  Http11NioProtocol:173 - Initializing ProtocolHandler ["http-nio-8080"]
2025-12-05 16:18:38 [main] INFO  StandardService:173 - Starting service [Tomcat]
2025-12-05 16:18:38 [main] INFO  StandardEngine:173 - Starting Servlet engine: [Apache Tomcat/9.0.83]
2025-12-05 16:18:38 [main] INFO  [/]:173 - Initializing Spring embedded WebApplicationContext
2025-12-05 16:18:38 [main] INFO  ServletWebServerApplicationContext:292 - Root WebApplicationContext: initialization completed in 3699 ms
2025-12-05 16:18:39 [main] WARN  UserDetailsServiceAutoConfiguration:89 - 

Using generated security password: 29f7ae3b-b7f0-4d13-9090-c1c935547693

This generated password is for development use only. Your security configuration must be updated before running your application in production.

2025-12-05 16:18:39 [main] INFO  DefaultSecurityFilterChain:55 - Will secure any request with [org.springframework.security.web.session.DisableEncodeUrlFilter@195580ba, org.springframework.security.web.context.request.async.WebAsyncManagerIntegrationFilter@3c25cfe1, org.springframework.security.web.context.SecurityContextPersistenceFilter@7455dacb, org.springframework.security.web.header.HeaderWriterFilter@49cd946c, org.springframework.web.filter.CorsFilter@1d3c112a, org.springframework.security.web.authentication.logout.LogoutFilter@58f31629, maas.bcap.security.JwtAuthFilter@760487aa, org.springframework.security.web.savedrequest.RequestCacheAwareFilter@1d15c0a1, org.springframework.security.web.servletapi.SecurityContextHolderAwareRequestFilter@611e5819, org.springframework.security.web.authentication.AnonymousAuthenticationFilter@2a140ce5, org.springframework.security.web.session.SessionManagementFilter@50b46e24, org.springframework.security.web.access.ExceptionTranslationFilter@4c731956, org.springframework.security.web.access.intercept.AuthorizationFilter@531ec978]
2025-12-05 16:18:40 [main] INFO  EndpointLinksResolver:58 - Exposing 1 endpoint(s) beneath base path '/actuator'
2025-12-05 16:18:40 [main] INFO  Http11NioProtocol:173 - Starting ProtocolHandler ["http-nio-8080"]
2025-12-05 16:18:40 [main] INFO  TomcatWebServer:220 - Tomcat started on port(s): 8080 (http) with context path ''
2025-12-05 16:18:40 [main] INFO  BcapApplication:61 - Started BcapApplication in 6.841 seconds (JVM running for 8.357)
2025-12-05 16:18:40 [main] INFO  BcapApplication:18 - Start Application
