2025-10-09 13:06:32 [main] INFO  BcapApplication:55 - Starting BcapApplication using Java 21.0.6 on LeRuccoLOQ with PID 17484 (C:\bcap\bcap-be\target\classes started by drucc in C:\bcap\bcap-be)
2025-10-09 13:06:32 [main] INFO  BcapApplication:632 - No active profile set, falling back to 1 default profile: "default"
2025-10-09 13:06:33 [main] INFO  TomcatWebServer:108 - Tomcat initialized with port(s): 8080 (http)
2025-10-09 13:06:33 [main] INFO  Http11NioProtocol:173 - Initializing ProtocolHandler ["http-nio-8080"]
2025-10-09 13:06:33 [main] INFO  StandardService:173 - Starting service [Tomcat]
2025-10-09 13:06:33 [main] INFO  StandardEngine:173 - Starting Servlet engine: [Apache Tomcat/9.0.83]
2025-10-09 13:06:33 [main] INFO  [/]:173 - Initializing Spring embedded WebApplicationContext
2025-10-09 13:06:33 [main] INFO  ServletWebServerApplicationContext:292 - Root WebApplicationContext: initialization completed in 1339 ms
2025-10-09 13:06:33 [main] WARN  UserDetailsServiceAutoConfiguration:89 - 

Using generated security password: 55d15200-b67c-4343-88e4-0c4f6737bafc

This generated password is for development use only. Your security configuration must be updated before running your application in production.

2025-10-09 13:06:33 [main] INFO  DefaultSecurityFilterChain:55 - Will secure any request with [org.springframework.security.web.session.DisableEncodeUrlFilter@88b76f2, org.springframework.security.web.context.request.async.WebAsyncManagerIntegrationFilter@1b4872bc, org.springframework.security.web.context.SecurityContextPersistenceFilter@7eeb38b2, org.springframework.security.web.header.HeaderWriterFilter@1c30cb85, org.springframework.web.filter.CorsFilter@498a612d, org.springframework.security.web.authentication.logout.LogoutFilter@2506e949, maas.bcap.security.JwtAuthFilter@77c3c037, org.springframework.security.web.savedrequest.RequestCacheAwareFilter@6d6bff89, org.springframework.security.web.servletapi.SecurityContextHolderAwareRequestFilter@6acffb2d, org.springframework.security.web.authentication.AnonymousAuthenticationFilter@1e1237ab, org.springframework.security.web.session.SessionManagementFilter@5ed5b321, org.springframework.security.web.access.ExceptionTranslationFilter@624b523, org.springframework.security.web.access.intercept.AuthorizationFilter@57f8951a]
2025-10-09 13:06:34 [main] INFO  EndpointLinksResolver:58 - Exposing 1 endpoint(s) beneath base path '/actuator'
2025-10-09 13:06:34 [main] INFO  Http11NioProtocol:173 - Starting ProtocolHandler ["http-nio-8080"]
2025-10-09 13:06:34 [main] INFO  TomcatWebServer:220 - Tomcat started on port(s): 8080 (http) with context path ''
2025-10-09 13:06:34 [main] INFO  BcapApplication:61 - Started BcapApplication in 2.779 seconds (JVM running for 3.396)
2025-10-09 13:06:34 [main] INFO  BcapApplication:18 - Start Application
2025-10-09 13:07:31 [http-nio-8080-exec-3] INFO  [/]:173 - Initializing Spring DispatcherServlet 'dispatcherServlet'
2025-10-09 13:07:31 [http-nio-8080-exec-3] INFO  DispatcherServlet:525 - Initializing Servlet 'dispatcherServlet'
2025-10-09 13:07:31 [http-nio-8080-exec-3] INFO  DispatcherServlet:547 - Completed initialization in 2 ms
2025-10-09 13:08:37 [http-nio-8080-exec-5] INFO  AuthController:38 - LoginInDto [LoginInDto(userId=1787130271, encryptionPassword=7DB3C8AE5015726FB1B0120DCA9C6C7452279219553DCF4818C4DF885164463A, screenId=Login)]
2025-10-09 13:08:37 [http-nio-8080-exec-5] INFO  AuthService:57 - AuthInfoDto [AuthInfoDto(userId=1787130271, encryptionPassword=7DB3C8AE5015726FB1B0120DCA9C6C7452279219553DCF4818C4DF885164463A)]
2025-10-09 13:08:37 [http-nio-8080-exec-5] INFO  AuthService:60 - token [eyJhbGciOiJIUzI1NiJ9.eyJBdXRoSW5mbyI6eyJ1c2VySWQiOiIxNzg3MTMwMjcxIiwiZW5jcnlwdGlvblBhc3N3b3JkIjoiN0RCM0M4QUU1MDE1NzI2RkIxQjAxMjBEQ0E5QzZDNzQ1MjI3OTIxOTU1M0RDRjQ4MThDNERGODg1MTY0NDYzQSJ9LCJzdWIiOiIxNzg3MTMwMjcxIiwiZXhwIjoxNzYwMDc2NTE3fQ.WphXspTodGG_qqZ2DZmykTVAzkMSylRJ4r510tuHHEE]
