2025-11-07 12:30:53 [main] INFO  BcapApplication:55 - Starting BcapApplication using Java 21.0.6 on LeRuccoLOQ with PID 16756 (C:\bcap\bcap-be\target\classes started by drucc in C:\bcap\bcap-be)
2025-11-07 12:30:53 [main] INFO  BcapApplication:632 - No active profile set, falling back to 1 default profile: "default"
2025-11-07 12:30:54 [main] INFO  TomcatWebServer:108 - Tomcat initialized with port(s): 8080 (http)
2025-11-07 12:30:54 [main] INFO  Http11NioProtocol:173 - Initializing ProtocolHandler ["http-nio-8080"]
2025-11-07 12:30:54 [main] INFO  StandardService:173 - Starting service [Tomcat]
2025-11-07 12:30:54 [main] INFO  StandardEngine:173 - Starting Servlet engine: [Apache Tomcat/9.0.83]
2025-11-07 12:30:54 [main] INFO  [/]:173 - Initializing Spring embedded WebApplicationContext
2025-11-07 12:30:54 [main] INFO  ServletWebServerApplicationContext:292 - Root WebApplicationContext: initialization completed in 1088 ms
2025-11-07 12:30:54 [main] WARN  UserDetailsServiceAutoConfiguration:89 - 

Using generated security password: 57a3ef0e-324d-4afc-9674-bb74f7931e19

This generated password is for development use only. Your security configuration must be updated before running your application in production.

2025-11-07 12:30:54 [main] INFO  DefaultSecurityFilterChain:55 - Will secure any request with [org.springframework.security.web.session.DisableEncodeUrlFilter@a54acec, org.springframework.security.web.context.request.async.WebAsyncManagerIntegrationFilter@19da993b, org.springframework.security.web.context.SecurityContextPersistenceFilter@30aec673, org.springframework.security.web.header.HeaderWriterFilter@739265f1, org.springframework.web.filter.CorsFilter@3380ca3d, org.springframework.security.web.authentication.logout.LogoutFilter@70716259, maas.bcap.security.JwtAuthFilter@64387c17, org.springframework.security.web.savedrequest.RequestCacheAwareFilter@188a5fc2, org.springframework.security.web.servletapi.SecurityContextHolderAwareRequestFilter@124d26ba, org.springframework.security.web.authentication.AnonymousAuthenticationFilter@23310248, org.springframework.security.web.session.SessionManagementFilter@49c099b, org.springframework.security.web.access.ExceptionTranslationFilter@6d6bff89, org.springframework.security.web.access.intercept.AuthorizationFilter@13d019a4]
2025-11-07 12:30:54 [main] INFO  EndpointLinksResolver:58 - Exposing 1 endpoint(s) beneath base path '/actuator'
2025-11-07 12:30:54 [main] INFO  Http11NioProtocol:173 - Starting ProtocolHandler ["http-nio-8080"]
2025-11-07 12:30:54 [main] INFO  TomcatWebServer:220 - Tomcat started on port(s): 8080 (http) with context path ''
2025-11-07 12:30:54 [main] INFO  BcapApplication:61 - Started BcapApplication in 2.079 seconds (JVM running for 2.568)
2025-11-07 12:30:54 [main] INFO  BcapApplication:18 - Start Application
2025-11-07 12:34:03 [http-nio-8080-exec-1] INFO  [/]:173 - Initializing Spring DispatcherServlet 'dispatcherServlet'
2025-11-07 12:34:03 [http-nio-8080-exec-1] INFO  DispatcherServlet:525 - Initializing Servlet 'dispatcherServlet'
2025-11-07 12:34:03 [http-nio-8080-exec-1] INFO  DispatcherServlet:547 - Completed initialization in 2 ms
2025-11-07 12:34:55 [http-nio-8080-exec-5] INFO  BcapController:19 - info
2025-11-07 12:34:55 [http-nio-8080-exec-5] WARN  BcapController:20 - warn
2025-11-07 12:34:55 [http-nio-8080-exec-5] ERROR BcapController:21 - error
2025-11-07 12:34:55 [http-nio-8080-exec-5] FATAL BcapController:22 - fatal
2025-11-07 14:00:40 [main] INFO  BcapApplication:55 - Starting BcapApplication using Java 21.0.6 on LeRuccoLOQ with PID 10516 (C:\bcap\bcap-be\target\classes started by drucc in C:\bcap\bcap-be)
2025-11-07 14:00:40 [main] INFO  BcapApplication:632 - No active profile set, falling back to 1 default profile: "default"
2025-11-07 14:00:43 [main] INFO  TomcatWebServer:108 - Tomcat initialized with port(s): 8080 (http)
2025-11-07 14:00:43 [main] INFO  Http11NioProtocol:173 - Initializing ProtocolHandler ["http-nio-8080"]
2025-11-07 14:00:43 [main] INFO  StandardService:173 - Starting service [Tomcat]
2025-11-07 14:00:43 [main] INFO  StandardEngine:173 - Starting Servlet engine: [Apache Tomcat/9.0.83]
2025-11-07 14:00:43 [main] INFO  [/]:173 - Initializing Spring embedded WebApplicationContext
2025-11-07 14:00:43 [main] INFO  ServletWebServerApplicationContext:292 - Root WebApplicationContext: initialization completed in 2955 ms
2025-11-07 14:00:43 [main] WARN  UserDetailsServiceAutoConfiguration:89 - 

Using generated security password: 9c2f6a5d-0833-416b-b5e4-177af2860627

This generated password is for development use only. Your security configuration must be updated before running your application in production.

2025-11-07 14:00:44 [main] INFO  DefaultSecurityFilterChain:55 - Will secure any request with [org.springframework.security.web.session.DisableEncodeUrlFilter@2c604965, org.springframework.security.web.context.request.async.WebAsyncManagerIntegrationFilter@57f8951a, org.springframework.security.web.context.SecurityContextPersistenceFilter@4d98e41b, org.springframework.security.web.header.HeaderWriterFilter@5f726750, org.springframework.web.filter.CorsFilter@6c17c0f8, org.springframework.security.web.authentication.logout.LogoutFilter@2eada095, maas.bcap.security.JwtAuthFilter@77d4ac52, org.springframework.security.web.savedrequest.RequestCacheAwareFilter@5696c927, org.springframework.security.web.servletapi.SecurityContextHolderAwareRequestFilter@6d6bff89, org.springframework.security.web.authentication.AnonymousAuthenticationFilter@260e3837, org.springframework.security.web.session.SessionManagementFilter@611e5819, org.springframework.security.web.access.ExceptionTranslationFilter@2b6c7012, org.springframework.security.web.access.intercept.AuthorizationFilter@70716259]
2025-11-07 14:00:44 [main] INFO  EndpointLinksResolver:58 - Exposing 1 endpoint(s) beneath base path '/actuator'
2025-11-07 14:00:44 [main] INFO  Http11NioProtocol:173 - Starting ProtocolHandler ["http-nio-8080"]
2025-11-07 14:00:45 [main] INFO  TomcatWebServer:220 - Tomcat started on port(s): 8080 (http) with context path ''
2025-11-07 14:00:45 [main] INFO  BcapApplication:61 - Started BcapApplication in 5.453 seconds (JVM running for 6.531)
2025-11-07 14:00:45 [main] INFO  BcapApplication:18 - Start Application
2025-11-07 14:10:53 [http-nio-8080-exec-1] INFO  [/]:173 - Initializing Spring DispatcherServlet 'dispatcherServlet'
2025-11-07 14:10:53 [http-nio-8080-exec-1] INFO  DispatcherServlet:525 - Initializing Servlet 'dispatcherServlet'
2025-11-07 14:10:53 [http-nio-8080-exec-1] INFO  DispatcherServlet:547 - Completed initialization in 5 ms
2025-11-07 14:10:53 [http-nio-8080-exec-2] INFO  AuthController:40 - LoginInDto [LoginInDto(userId=1787130271, encryptionPassword=7DB3C8AE5015726FB1B0120DCA9C6C7452279219553DCF4818C4DF885164463A, appType=I, screenId=Login)]
2025-11-07 14:10:53 [http-nio-8080-exec-2] INFO  AuthService:79 - AuthInfoDto [AuthInfoDto(userId=1787130271, encryptionPassword=7DB3C8AE5015726FB1B0120DCA9C6C7452279219553DCF4818C4DF885164463A)]
2025-11-07 14:10:53 [http-nio-8080-exec-2] INFO  AuthService:82 - token [eyJhbGciOiJIUzI1NiJ9.eyJBdXRoSW5mbyI6eyJ1c2VySWQiOiIxNzg3MTMwMjcxIiwiZW5jcnlwdGlvblBhc3N3b3JkIjoiN0RCM0M4QUU1MDE1NzI2RkIxQjAxMjBEQ0E5QzZDNzQ1MjI3OTIxOTU1M0RDRjQ4MThDNERGODg1MTY0NDYzQSJ9LCJzdWIiOiIxNzg3MTMwMjcxIiwiZXhwIjoxNzYyNTg1ODUzfQ.gWFFnz2piTCLsEJx3GZ4fGC7cUbgg0jdIg4pLbLyjoE]
2025-11-07 16:01:00 [http-nio-8080-exec-7] INFO  AuthController:40 - LoginInDto [LoginInDto(userId=1787130271, encryptionPassword=7DB3C8AE5015726FB1B0120DCA9C6C7452279219553DCF4818C4DF885164463A, appType=I, screenId=Login)]
2025-11-07 16:01:00 [http-nio-8080-exec-7] INFO  AuthService:79 - AuthInfoDto [AuthInfoDto(userId=1787130271, encryptionPassword=7DB3C8AE5015726FB1B0120DCA9C6C7452279219553DCF4818C4DF885164463A)]
2025-11-07 16:01:00 [http-nio-8080-exec-7] INFO  AuthService:82 - token [eyJhbGciOiJIUzI1NiJ9.eyJBdXRoSW5mbyI6eyJ1c2VySWQiOiIxNzg3MTMwMjcxIiwiZW5jcnlwdGlvblBhc3N3b3JkIjoiN0RCM0M4QUU1MDE1NzI2RkIxQjAxMjBEQ0E5QzZDNzQ1MjI3OTIxOTU1M0RDRjQ4MThDNERGODg1MTY0NDYzQSJ9LCJzdWIiOiIxNzg3MTMwMjcxIiwiZXhwIjoxNzYyNTkyNDYwfQ.j1g2Dj-zMOqa_RJ7wxZnQE5pW1B1KWG6U9EIwG5-t1I]
