2025-10-28 14:39:53 [http-nio-8080-exec-5] INFO  AuthService:57  - AuthInfoDto [AuthInfoDto(userId=1787130271, encryptionPassword=null)]
2025-10-28 14:39:53 [http-nio-8080-exec-5] INFO  AuthService:60  - token [eyJhbGciOiJIUzI1NiJ9.eyJBdXRoSW5mbyI6eyJ1c2VySWQiOiIxNzg3MTMwMjcxIiwiZW5jcnlwdGlvblBhc3N3b3JkIjpudWxsfSwic3ViIjoiMTc4NzEzMDI3MSIsImV4cCI6MTc2MTcyMzU5M30.boNq-t2Ron2OeiD8ga0cdFywXLebF-KXKAfQXxy7xGo]
2025-10-28 14:40:44 [http-nio-8080-exec-2] INFO  AuthService:57  - AuthInfoDto [AuthInfoDto(userId=1787130271, encryptionPassword=7DB3C8AE5015726FB1B0120DCA9C6C7452279219553DCF4818C4DF885164463A)]
2025-10-28 14:40:44 [http-nio-8080-exec-2] INFO  AuthService:60  - token [eyJhbGciOiJIUzI1NiJ9.eyJBdXRoSW5mbyI6eyJ1c2VySWQiOiIxNzg3MTMwMjcxIiwiZW5jcnlwdGlvblBhc3N3b3JkIjoiN0RCM0M4QUU1MDE1NzI2RkIxQjAxMjBEQ0E5QzZDNzQ1MjI3OTIxOTU1M0RDRjQ4MThDNERGODg1MTY0NDYzQSJ9LCJzdWIiOiIxNzg3MTMwMjcxIiwiZXhwIjoxNzYxNzIzNjQ0fQ.r0XWs2s8Gox1jviTNLYIsK_7UgEFvL7iO7RragGSQc0]
2025-10-28 20:52:18 [http-nio-8080-exec-2] INFO  FileManagerService:49  - FileUploadService.upload
2025-10-28 20:52:18 [http-nio-8080-exec-2] INFO  FileManagerService:53  - Content-Type multipart/form-data; boundary=----WebKitFormBoundaryYD8rKWc8rSPrPbKx
2025-10-28 20:52:18 [http-nio-8080-exec-2] INFO  FileManagerService:70  - UserInfoFileManagerDto(screenId=FileUpload, userIp=0:0:0:0:0:0:0:1)
2025-10-28 20:52:18 [http-nio-8080-exec-2] INFO  FileUploadService:59  - FileUploadService.selectFileList
2025-10-28 20:52:18 [http-nio-8080-exec-2] INFO  FileUploadService:63  - FileInVo(attach_file_id=1111, attach_file_clcd=div1, attach_file_expl=null, upd_yn=null, req_clcd=S2, sub1Vos=null)
2025-10-28 20:52:18 [http-nio-8080-exec-2] INFO  FileUploadService:91  - FileUploadService.interfaceTuxedo
2025-10-28 20:54:24 [http-nio-8080-exec-4] INFO  FileManagerService:49  - FileUploadService.upload
2025-10-28 20:54:24 [http-nio-8080-exec-4] INFO  FileManagerService:53  - Content-Type multipart/form-data; boundary=----WebKitFormBoundaryBbgqcfwvPomZIKmv
2025-10-28 20:54:24 [http-nio-8080-exec-4] INFO  FileManagerService:70  - UserInfoFileManagerDto(screenId=FileUpload, userIp=0:0:0:0:0:0:0:1)
2025-10-28 20:54:24 [http-nio-8080-exec-4] INFO  FileManagerService:89  - FileManagerService.registerFiles
2025-10-28 20:54:24 [http-nio-8080-exec-4] INFO  FileManagerService:95  - [org.springframework.web.multipart.support.StandardMultipartHttpServletRequest$StandardMultipartFile@2a3bd4bb]
2025-10-28 20:54:24 [http-nio-8080-exec-4] INFO  FileManagerService:288 - FileUploadService.checkFileExtension
2025-10-28 20:54:24 [http-nio-8080-exec-4] INFO  FileManagerService:290 - originFileName : [v2.jpg]
2025-10-28 20:54:24 [http-nio-8080-exec-4] INFO  FileManagerService:292 - jpg
2025-10-28 20:55:52 [http-nio-8080-exec-8] INFO  FileManagerService:49  - FileUploadService.upload
2025-10-28 20:55:52 [http-nio-8080-exec-8] INFO  FileManagerService:53  - Content-Type multipart/form-data; boundary=----WebKitFormBoundary7s9I6AyrQJLB9gzG
2025-10-28 20:55:52 [http-nio-8080-exec-8] INFO  FileManagerService:70  - UserInfoFileManagerDto(screenId=FileUpload, userIp=0:0:0:0:0:0:0:1)
2025-10-28 20:55:52 [http-nio-8080-exec-8] INFO  FileManagerService:89  - FileManagerService.registerFiles
2025-10-28 20:55:52 [http-nio-8080-exec-8] INFO  FileManagerService:95  - [org.springframework.web.multipart.support.StandardMultipartHttpServletRequest$StandardMultipartFile@6d78d2fa]
2025-10-28 20:55:52 [http-nio-8080-exec-8] INFO  FileManagerService:288 - FileUploadService.checkFileExtension
2025-10-28 20:55:52 [http-nio-8080-exec-8] INFO  FileManagerService:290 - originFileName : [v2.jpg]
2025-10-28 20:55:52 [http-nio-8080-exec-8] INFO  FileManagerService:292 - jpg
2025-10-28 20:58:19 [http-nio-8080-exec-2] INFO  FileManagerService:49  - FileUploadService.upload
2025-10-28 20:58:19 [http-nio-8080-exec-2] INFO  FileManagerService:53  - Content-Type multipart/form-data; boundary=----WebKitFormBoundary6Jy65TA7bWSzgn18
2025-10-28 20:58:19 [http-nio-8080-exec-2] INFO  FileManagerService:70  - UserInfoFileManagerDto(screenId=FileUpload, userIp=0:0:0:0:0:0:0:1)
2025-10-28 20:58:19 [http-nio-8080-exec-2] INFO  FileManagerService:89  - FileManagerService.registerFiles
2025-10-28 20:58:19 [http-nio-8080-exec-2] INFO  FileManagerService:95  - [org.springframework.web.multipart.support.StandardMultipartHttpServletRequest$StandardMultipartFile@76a6029e]
2025-10-28 20:58:19 [http-nio-8080-exec-2] INFO  FileManagerService:288 - FileUploadService.checkFileExtension
2025-10-28 20:58:19 [http-nio-8080-exec-2] INFO  FileManagerService:290 - originFileName : [v2.jpg]
2025-10-28 20:58:19 [http-nio-8080-exec-2] INFO  FileManagerService:292 - jpg
2025-10-28 20:58:19 [http-nio-8080-exec-2] INFO  FileManagerService:124 - [FileInSub1Vo(attach_file_id=null, attach_file_seq_no=null, attach_file_clcd=null, del_yn=null, file_nm=v2.jpg, upl_file_size=52277, upl_file_nm=null, file_path=D:/bcap\div1, pfr_rank=0, inp_usr_id=1787130271, inp_pgm_id=FileUpload, chng_usr_id=null, chng_pgm_id=null)]
2025-10-28 20:58:19 [http-nio-8080-exec-2] INFO  FileManagerService:133 - FileInVo(attach_file_id=null, attach_file_clcd=div1, attach_file_expl=desc1, upd_yn=N, req_clcd=null, sub1Vos=[FileInSub1Vo(attach_file_id=null, attach_file_seq_no=null, attach_file_clcd=null, del_yn=null, file_nm=v2.jpg, upl_file_size=52277, upl_file_nm=null, file_path=D:/bcap\div1, pfr_rank=0, inp_usr_id=1787130271, inp_pgm_id=FileUpload, chng_usr_id=null, chng_pgm_id=null)])
2025-10-28 20:58:19 [http-nio-8080-exec-2] INFO  FileManagerService:155 - [FileOutSub1Vo(attach_file_id=null, attach_file_seq_no=null, attach_file_clcd=null, del_yn=null, file_nm=v2.jpg, upl_file_size=52277, upl_file_nm=null, file_path=D:/bcap\div1, pfr_rank=0, inp_usr_id=1787130271, inp_pgm_id=FileUpload, chng_usr_id=null, chng_pgm_id=null)]
2025-10-28 20:58:19 [http-nio-8080-exec-2] INFO  FileManagerService:156 - FileOutVo(rson_cd=null, attach_file_id=null, attach_file_clcd=div1, attach_file_expl=desc1, upd_yn=N, req_clcd=null, sub1Vos=[FileOutSub1Vo(attach_file_id=null, attach_file_seq_no=null, attach_file_clcd=null, del_yn=null, file_nm=v2.jpg, upl_file_size=52277, upl_file_nm=null, file_path=D:/bcap\div1, pfr_rank=0, inp_usr_id=1787130271, inp_pgm_id=FileUpload, chng_usr_id=null, chng_pgm_id=null)])
2025-10-28 21:00:49 [http-nio-8080-exec-4] INFO  FileManagerService:49  - FileUploadService.upload
2025-10-28 21:00:49 [http-nio-8080-exec-4] INFO  FileManagerService:53  - Content-Type multipart/form-data; boundary=----WebKitFormBoundary7US9QiE7k05V1V2L
2025-10-28 21:00:49 [http-nio-8080-exec-4] INFO  FileManagerService:70  - UserInfoFileManagerDto(screenId=FileUpload, userIp=0:0:0:0:0:0:0:1)
2025-10-28 21:00:49 [http-nio-8080-exec-4] INFO  FileManagerService:89  - FileManagerService.registerFiles
2025-10-28 21:00:49 [http-nio-8080-exec-4] INFO  FileManagerService:95  - [org.springframework.web.multipart.support.StandardMultipartHttpServletRequest$StandardMultipartFile@4f6fcc5d]
2025-10-28 21:00:49 [http-nio-8080-exec-4] INFO  FileManagerService:288 - FileUploadService.checkFileExtension
2025-10-28 21:00:49 [http-nio-8080-exec-4] INFO  FileManagerService:290 - originFileName : [v2.jpg]
2025-10-28 21:00:49 [http-nio-8080-exec-4] INFO  FileManagerService:292 - jpg
2025-10-28 21:00:49 [http-nio-8080-exec-4] INFO  FileManagerService:124 - [FileInSub1Vo(attach_file_id=null, attach_file_seq_no=null, attach_file_clcd=null, del_yn=null, file_nm=v2.jpg, upl_file_size=52277, upl_file_nm=null, file_path=D:/bcap\div1, pfr_rank=0, inp_usr_id=1787130271, inp_pgm_id=FileUpload, chng_usr_id=null, chng_pgm_id=null)]
2025-10-28 21:00:49 [http-nio-8080-exec-4] INFO  FileManagerService:133 - FileInVo(attach_file_id=null, attach_file_clcd=div1, attach_file_expl=desc1, upd_yn=N, req_clcd=null, sub1Vos=[FileInSub1Vo(attach_file_id=null, attach_file_seq_no=null, attach_file_clcd=null, del_yn=null, file_nm=v2.jpg, upl_file_size=52277, upl_file_nm=null, file_path=D:/bcap\div1, pfr_rank=0, inp_usr_id=1787130271, inp_pgm_id=FileUpload, chng_usr_id=null, chng_pgm_id=null)])
2025-10-28 21:00:49 [http-nio-8080-exec-4] INFO  FileManagerService:155 - [FileOutSub1Vo(attach_file_id=null, attach_file_seq_no=null, attach_file_clcd=null, del_yn=null, file_nm=v2.jpg, upl_file_size=52277, upl_file_nm=null, file_path=D:/bcap\div1, pfr_rank=0, inp_usr_id=1787130271, inp_pgm_id=FileUpload, chng_usr_id=null, chng_pgm_id=null)]
2025-10-28 21:00:49 [http-nio-8080-exec-4] INFO  FileManagerService:156 - FileOutVo(rson_cd=null, attach_file_id=null, attach_file_clcd=div1, attach_file_expl=desc1, upd_yn=N, req_clcd=null, sub1Vos=[FileOutSub1Vo(attach_file_id=null, attach_file_seq_no=null, attach_file_clcd=null, del_yn=null, file_nm=v2.jpg, upl_file_size=52277, upl_file_nm=null, file_path=D:/bcap\div1, pfr_rank=0, inp_usr_id=1787130271, inp_pgm_id=FileUpload, chng_usr_id=null, chng_pgm_id=null)])
2025-10-28 21:15:07 [http-nio-8080-exec-3] INFO  FileManagerService:49  - FileUploadService.upload
2025-10-28 21:15:07 [http-nio-8080-exec-3] INFO  FileManagerService:53  - Content-Type multipart/form-data; boundary=----WebKitFormBoundary7Ac7Zgutagf0W7gV
2025-10-28 21:15:07 [http-nio-8080-exec-3] INFO  FileManagerService:70  - UserInfoFileManagerDto(screenId=FileUpload, userIp=0:0:0:0:0:0:0:1)
2025-10-28 21:15:07 [http-nio-8080-exec-3] INFO  FileManagerService:89  - FileManagerService.registerFiles
2025-10-28 21:15:07 [http-nio-8080-exec-3] INFO  FileManagerService:95  - [org.springframework.web.multipart.support.StandardMultipartHttpServletRequest$StandardMultipartFile@60fee370]
2025-10-28 21:15:07 [http-nio-8080-exec-3] INFO  FileManagerService:289 - FileUploadService.checkFileExtension
2025-10-28 21:15:07 [http-nio-8080-exec-3] INFO  FileManagerService:291 - originFileName : [v2.jpg]
2025-10-28 21:15:07 [http-nio-8080-exec-3] INFO  FileManagerService:293 - jpg
2025-10-28 21:15:07 [http-nio-8080-exec-3] INFO  FileManagerService:124 - [FileInSub1Vo(attach_file_id=null, attach_file_seq_no=null, attach_file_clcd=null, del_yn=null, file_nm=v2.jpg, upl_file_size=52277, upl_file_nm=null, file_path=D:/bcap\div1, pfr_rank=0, inp_usr_id=1787130271, inp_pgm_id=FileUpload, chng_usr_id=null, chng_pgm_id=null)]
2025-10-28 21:15:07 [http-nio-8080-exec-3] INFO  FileManagerService:133 - FileInVo(attach_file_id=null, attach_file_clcd=div1, attach_file_expl=desc1, upd_yn=N, req_clcd=null, sub1Vos=[FileInSub1Vo(attach_file_id=null, attach_file_seq_no=null, attach_file_clcd=null, del_yn=null, file_nm=v2.jpg, upl_file_size=52277, upl_file_nm=null, file_path=D:/bcap\div1, pfr_rank=0, inp_usr_id=1787130271, inp_pgm_id=FileUpload, chng_usr_id=null, chng_pgm_id=null)])
2025-10-28 21:15:07 [http-nio-8080-exec-3] INFO  FileManagerService:155 - [FileOutSub1Vo(attach_file_id=null, attach_file_seq_no=null, attach_file_clcd=null, del_yn=null, file_nm=v2.jpg, upl_file_size=52277, upl_file_nm=v2.jpg, file_path=D:/bcap\div1, pfr_rank=0, inp_usr_id=1787130271, inp_pgm_id=FileUpload, chng_usr_id=null, chng_pgm_id=null)]
2025-10-28 21:15:07 [http-nio-8080-exec-3] INFO  FileManagerService:156 - FileOutVo(rson_cd=null, attach_file_id=null, attach_file_clcd=div1, attach_file_expl=desc1, upd_yn=N, req_clcd=null, sub1Vos=[FileOutSub1Vo(attach_file_id=null, attach_file_seq_no=null, attach_file_clcd=null, del_yn=null, file_nm=v2.jpg, upl_file_size=52277, upl_file_nm=v2.jpg, file_path=D:/bcap\div1, pfr_rank=0, inp_usr_id=1787130271, inp_pgm_id=FileUpload, chng_usr_id=null, chng_pgm_id=null)])
2025-10-28 21:15:07 [http-nio-8080-exec-3] INFO  FileManagerService:245 - FileManagerService.saveToDisk
2025-10-28 21:22:54 [http-nio-8080-exec-2] INFO  FileManagerService:49  - FileUploadService.upload
2025-10-28 21:22:54 [http-nio-8080-exec-2] INFO  FileManagerService:53  - Content-Type multipart/form-data; boundary=----WebKitFormBoundaryWTy3v6DzBfzoEqEH
2025-10-28 21:22:54 [http-nio-8080-exec-2] INFO  FileManagerService:70  - UserInfoFileManagerDto(screenId=FileUpload, userIp=0:0:0:0:0:0:0:1)
2025-10-28 21:22:54 [http-nio-8080-exec-2] INFO  FileManagerService:89  - FileManagerService.registerFiles
2025-10-28 21:22:54 [http-nio-8080-exec-2] INFO  FileManagerService:95  - [org.springframework.web.multipart.support.StandardMultipartHttpServletRequest$StandardMultipartFile@5225d4b8]
2025-10-28 21:22:54 [http-nio-8080-exec-2] INFO  FileManagerService:289 - FileUploadService.checkFileExtension
2025-10-28 21:22:54 [http-nio-8080-exec-2] INFO  FileManagerService:291 - originFileName : [v2.jpg]
2025-10-28 21:22:54 [http-nio-8080-exec-2] INFO  FileManagerService:293 - jpg
2025-10-28 21:22:54 [http-nio-8080-exec-2] INFO  FileManagerService:124 - [FileInSub1Vo(attach_file_id=null, attach_file_seq_no=null, attach_file_clcd=null, del_yn=null, file_nm=v2.jpg, upl_file_size=52277, upl_file_nm=null, file_path=D:/bcap\div1, pfr_rank=0, inp_usr_id=1787130271, inp_pgm_id=FileUpload, chng_usr_id=null, chng_pgm_id=null)]
2025-10-28 21:22:54 [http-nio-8080-exec-2] INFO  FileManagerService:133 - FileInVo(attach_file_id=null, attach_file_clcd=div1, attach_file_expl=desc1, upd_yn=N, req_clcd=null, sub1Vos=[FileInSub1Vo(attach_file_id=null, attach_file_seq_no=null, attach_file_clcd=null, del_yn=null, file_nm=v2.jpg, upl_file_size=52277, upl_file_nm=null, file_path=D:/bcap\div1, pfr_rank=0, inp_usr_id=1787130271, inp_pgm_id=FileUpload, chng_usr_id=null, chng_pgm_id=null)])
2025-10-28 21:22:54 [http-nio-8080-exec-2] INFO  FileUploadService:28  - FileUploadService.saveFilesToDevonC
2025-10-28 21:22:54 [http-nio-8080-exec-2] INFO  FileUploadService:32  - FileInVo(attach_file_id=null, attach_file_clcd=div1, attach_file_expl=desc1, upd_yn=N, req_clcd=U1, sub1Vos=[FileInSub1Vo(attach_file_id=null, attach_file_seq_no=null, attach_file_clcd=null, del_yn=null, file_nm=v2.jpg, upl_file_size=52277, upl_file_nm=null, file_path=D:/bcap\div1, pfr_rank=0, inp_usr_id=1787130271, inp_pgm_id=FileUpload, chng_usr_id=null, chng_pgm_id=null)])
2025-10-28 21:22:54 [http-nio-8080-exec-2] INFO  FileUploadService:91  - FileUploadService.interfaceTuxedo
2025-10-28 21:22:54 [http-nio-8080-exec-2] INFO  FileUploadService:106 - TelegramUserDataInput(tx_code=SAZ06F010U, client_ip_no=0:0:0:0:0:0:0:1, client_mac=, scrn_id=FileUpload, op_id=1787130271, sync_type=A, async_rspn_yn=0, rspn_svc_code=, ttl_use_flag=0, ttl=0, long_msg_type=1, dst_inst_code=null, fail_knd=null, ap_host_name=null, ap_caller_id=null, lang_type=EN)
2025-10-28 21:22:54 [http-nio-8080-exec-2] ERROR FileUploadService:116 - TelegramNestedRuntimeException [fieldName=data, msg=null, ftype=VO, method=null, pointer=0, objName=mti.com.telegram.vo.TelegramIn, parser=ByteEncoder]
2025-10-28 21:22:54 [http-nio-8080-exec-2] ERROR FileUploadService:11  - TelegramNestedRuntimeException [fieldName=data, msg=null, ftype=VO, method=null, pointer=0, objName=mti.com.telegram.vo.TelegramIn, parser=ByteEncoder]
2025-10-28 21:22:54 [http-nio-8080-exec-2] ERROR FileUploadService:19  - java.base/java.nio.HeapByteBuffer.put(HeapByteBuffer.java:238)
2025-10-28 21:22:54 [http-nio-8080-exec-2] ERROR FileUploadService:19  - java.base/java.nio.ByteBuffer.put(ByteBuffer.java:1242)
2025-10-28 21:22:54 [http-nio-8080-exec-2] ERROR FileUploadService:19  - mti.com.telegram.mapping.ByteEncoder.handleListField(ByteEncoder.java:169)
2025-10-28 21:22:54 [http-nio-8080-exec-2] ERROR FileUploadService:19  - mti.com.telegram.mapping.ByteEncoder.appendSerializedField(ByteEncoder.java:135)
2025-10-28 21:22:54 [http-nio-8080-exec-2] ERROR FileUploadService:19  - mti.com.telegram.mapping.ByteEncoder.convertObjectToBytes(ByteEncoder.java:47)
2025-10-28 21:22:54 [http-nio-8080-exec-2] ERROR FileUploadService:19  - mti.com.telegram.mapping.ByteEncoder.appendSerializedField(ByteEncoder.java:133)
2025-10-28 21:22:54 [http-nio-8080-exec-2] ERROR FileUploadService:19  - mti.com.telegram.mapping.ByteEncoder.convertObjectToBytes(ByteEncoder.java:47)
2025-10-28 21:22:54 [http-nio-8080-exec-2] ERROR FileUploadService:19  - mti.com.telegram.mapping.ByteEncoder.appendSerializedField(ByteEncoder.java:133)
2025-10-28 21:22:54 [http-nio-8080-exec-2] ERROR FileUploadService:19  - mti.com.telegram.mapping.ByteEncoder.convertObjectToBytes(ByteEncoder.java:47)
2025-10-28 21:22:54 [http-nio-8080-exec-2] ERROR FileUploadService:19  - mti.com.telegram.util.InterfaceTelegram.interfaceTuxedo(InterfaceTelegram.java:27)
2025-10-28 21:22:54 [http-nio-8080-exec-2] ERROR FileUploadService:19  - maas.bcap.common.ServiceSupport.tuxedoTransaction(ServiceSupport.java:63)
2025-10-28 21:22:54 [http-nio-8080-exec-2] ERROR FileUploadService:19  - maas.bcap.service.FileUploadService.interfaceTuxedo(FileUploadService.java:112)
2025-10-28 21:22:54 [http-nio-8080-exec-2] ERROR FileUploadService:19  - maas.bcap.service.FileUploadService.saveFilesToDevonC(FileUploadService.java:34)
2025-10-28 21:22:54 [http-nio-8080-exec-2] ERROR FileUploadService:19  - maas.bcap.service.FileManagerService.registerFiles(FileManagerService.java:136)
2025-10-28 21:22:54 [http-nio-8080-exec-2] ERROR FileUploadService:19  - maas.bcap.service.FileManagerService.upload(FileManagerService.java:80)
2025-10-28 21:22:54 [http-nio-8080-exec-2] ERROR FileUploadService:19  - maas.bcap.controller.FileManagerController.upload(FileManagerController.java:50)
2025-10-28 21:22:54 [http-nio-8080-exec-2] ERROR FileUploadService:19  - java.base/jdk.internal.reflect.DirectMethodHandleAccessor.invoke(DirectMethodHandleAccessor.java:103)
2025-10-28 21:22:54 [http-nio-8080-exec-2] ERROR FileUploadService:19  - java.base/java.lang.reflect.Method.invoke(Method.java:580)
2025-10-28 21:22:54 [http-nio-8080-exec-2] ERROR FileUploadService:19  - org.springframework.web.method.support.InvocableHandlerMethod.doInvoke(InvocableHandlerMethod.java:205)
2025-10-28 21:22:54 [http-nio-8080-exec-2] ERROR FileUploadService:19  - org.springframework.web.method.support.InvocableHandlerMethod.invokeForRequest(InvocableHandlerMethod.java:150)
2025-10-28 21:22:54 [http-nio-8080-exec-2] ERROR FileUploadService:19  - org.springframework.web.servlet.mvc.method.annotation.ServletInvocableHandlerMethod.invokeAndHandle(ServletInvocableHandlerMethod.java:117)
2025-10-28 21:22:54 [http-nio-8080-exec-2] ERROR FileUploadService:19  - org.springframework.web.servlet.mvc.method.annotation.RequestMappingHandlerAdapter.invokeHandlerMethod(RequestMappingHandlerAdapter.java:895)
2025-10-28 21:22:54 [http-nio-8080-exec-2] ERROR FileUploadService:19  - org.springframework.web.servlet.mvc.method.annotation.RequestMappingHandlerAdapter.handleInternal(RequestMappingHandlerAdapter.java:808)
2025-10-28 21:22:54 [http-nio-8080-exec-2] ERROR FileUploadService:19  - org.springframework.web.servlet.mvc.method.AbstractHandlerMethodAdapter.handle(AbstractHandlerMethodAdapter.java:87)
2025-10-28 21:22:54 [http-nio-8080-exec-2] ERROR FileUploadService:19  - org.springframework.web.servlet.DispatcherServlet.doDispatch(DispatcherServlet.java:1072)
2025-10-28 21:22:54 [http-nio-8080-exec-2] ERROR FileUploadService:19  - org.springframework.web.servlet.DispatcherServlet.doService(DispatcherServlet.java:965)
2025-10-28 21:22:54 [http-nio-8080-exec-2] ERROR FileUploadService:19  - org.springframework.web.servlet.FrameworkServlet.processRequest(FrameworkServlet.java:1006)
2025-10-28 21:22:54 [http-nio-8080-exec-2] ERROR FileUploadService:19  - org.springframework.web.servlet.FrameworkServlet.doPost(FrameworkServlet.java:909)
2025-10-28 21:22:54 [http-nio-8080-exec-2] ERROR FileUploadService:19  - javax.servlet.http.HttpServlet.service(HttpServlet.java:555)
2025-10-28 21:22:54 [http-nio-8080-exec-2] ERROR FileUploadService:19  - org.springframework.web.servlet.FrameworkServlet.service(FrameworkServlet.java:883)
2025-10-28 21:22:54 [http-nio-8080-exec-2] ERROR FileUploadService:19  - javax.servlet.http.HttpServlet.service(HttpServlet.java:623)
2025-10-28 21:22:54 [http-nio-8080-exec-2] ERROR FileUploadService:19  - org.apache.catalina.core.ApplicationFilterChain.internalDoFilter(ApplicationFilterChain.java:209)
2025-10-28 21:22:54 [http-nio-8080-exec-2] ERROR FileUploadService:19  - org.apache.catalina.core.ApplicationFilterChain.doFilter(ApplicationFilterChain.java:153)
2025-10-28 21:22:54 [http-nio-8080-exec-2] ERROR FileUploadService:19  - org.apache.tomcat.websocket.server.WsFilter.doFilter(WsFilter.java:51)
2025-10-28 21:22:54 [http-nio-8080-exec-2] ERROR FileUploadService:19  - org.apache.catalina.core.ApplicationFilterChain.internalDoFilter(ApplicationFilterChain.java:178)
2025-10-28 21:22:54 [http-nio-8080-exec-2] ERROR FileUploadService:19  - org.apache.catalina.core.ApplicationFilterChain.doFilter(ApplicationFilterChain.java:153)
2025-10-28 21:22:54 [http-nio-8080-exec-2] ERROR FileUploadService:19  - org.springframework.web.filter.OncePerRequestFilter.doFilter(OncePerRequestFilter.java:111)
2025-10-28 21:22:54 [http-nio-8080-exec-2] ERROR FileUploadService:19  - org.apache.catalina.core.ApplicationFilterChain.internalDoFilter(ApplicationFilterChain.java:178)
2025-10-28 21:22:54 [http-nio-8080-exec-2] ERROR FileUploadService:19  - org.apache.catalina.core.ApplicationFilterChain.doFilter(ApplicationFilterChain.java:153)
2025-10-28 21:22:54 [http-nio-8080-exec-2] ERROR FileUploadService:19  - org.springframework.security.web.FilterChainProxy$VirtualFilterChain.doFilter(FilterChainProxy.java:337)
2025-10-28 21:22:54 [http-nio-8080-exec-2] ERROR FileUploadService:19  - org.springframework.security.web.access.intercept.AuthorizationFilter.doFilter(AuthorizationFilter.java:96)
2025-10-28 21:22:54 [http-nio-8080-exec-2] ERROR FileUploadService:19  - org.springframework.security.web.FilterChainProxy$VirtualFilterChain.doFilter(FilterChainProxy.java:346)
2025-10-28 21:22:54 [http-nio-8080-exec-2] ERROR FileUploadService:19  - org.springframework.security.web.access.ExceptionTranslationFilter.doFilter(ExceptionTranslationFilter.java:122)
2025-10-28 21:22:54 [http-nio-8080-exec-2] ERROR FileUploadService:19  - org.springframework.security.web.access.ExceptionTranslationFilter.doFilter(ExceptionTranslationFilter.java:116)
2025-10-28 21:22:54 [http-nio-8080-exec-2] ERROR FileUploadService:19  - org.springframework.security.web.FilterChainProxy$VirtualFilterChain.doFilter(FilterChainProxy.java:346)
2025-10-28 21:22:54 [http-nio-8080-exec-2] ERROR FileUploadService:19  - org.springframework.security.web.session.SessionManagementFilter.doFilter(SessionManagementFilter.java:126)
2025-10-28 21:22:54 [http-nio-8080-exec-2] ERROR FileUploadService:19  - org.springframework.security.web.session.SessionManagementFilter.doFilter(SessionManagementFilter.java:81)
2025-10-28 21:22:54 [http-nio-8080-exec-2] ERROR FileUploadService:19  - org.springframework.security.web.FilterChainProxy$VirtualFilterChain.doFilter(FilterChainProxy.java:346)
2025-10-28 21:22:54 [http-nio-8080-exec-2] ERROR FileUploadService:19  - org.springframework.security.web.authentication.AnonymousAuthenticationFilter.doFilter(AnonymousAuthenticationFilter.java:109)
2025-10-28 21:22:54 [http-nio-8080-exec-2] ERROR FileUploadService:19  - org.springframework.security.web.FilterChainProxy$VirtualFilterChain.doFilter(FilterChainProxy.java:346)
2025-10-28 21:22:54 [http-nio-8080-exec-2] ERROR FileUploadService:19  - org.springframework.security.web.servletapi.SecurityContextHolderAwareRequestFilter.doFilter(SecurityContextHolderAwareRequestFilter.java:149)
2025-10-28 21:22:54 [http-nio-8080-exec-2] ERROR FileUploadService:19  - org.springframework.security.web.FilterChainProxy$VirtualFilterChain.doFilter(FilterChainProxy.java:346)
2025-10-28 21:22:54 [http-nio-8080-exec-2] ERROR FileUploadService:19  - org.springframework.security.web.savedrequest.RequestCacheAwareFilter.doFilter(RequestCacheAwareFilter.java:63)
2025-10-28 21:22:54 [http-nio-8080-exec-2] ERROR FileUploadService:19  - org.springframework.security.web.FilterChainProxy$VirtualFilterChain.doFilter(FilterChainProxy.java:346)
2025-10-28 21:22:54 [http-nio-8080-exec-2] ERROR FileUploadService:19  - maas.bcap.security.JwtAuthFilter.doFilterInternal(JwtAuthFilter.java:70)
2025-10-28 21:22:54 [http-nio-8080-exec-2] ERROR FileUploadService:19  - org.springframework.web.filter.OncePerRequestFilter.doFilter(OncePerRequestFilter.java:117)
2025-10-28 21:22:54 [http-nio-8080-exec-2] ERROR FileUploadService:19  - org.springframework.security.web.FilterChainProxy$VirtualFilterChain.doFilter(FilterChainProxy.java:346)
2025-10-28 21:22:54 [http-nio-8080-exec-2] ERROR FileUploadService:19  - org.springframework.security.web.authentication.logout.LogoutFilter.doFilter(LogoutFilter.java:103)
2025-10-28 21:22:54 [http-nio-8080-exec-2] ERROR FileUploadService:19  - org.springframework.security.web.authentication.logout.LogoutFilter.doFilter(LogoutFilter.java:89)
2025-10-28 21:22:54 [http-nio-8080-exec-2] ERROR FileUploadService:19  - org.springframework.security.web.FilterChainProxy$VirtualFilterChain.doFilter(FilterChainProxy.java:346)
2025-10-28 21:22:54 [http-nio-8080-exec-2] ERROR FileUploadService:19  - org.springframework.web.filter.CorsFilter.doFilterInternal(CorsFilter.java:91)
2025-10-28 21:22:54 [http-nio-8080-exec-2] ERROR FileUploadService:19  - org.springframework.web.filter.OncePerRequestFilter.doFilter(OncePerRequestFilter.java:117)
2025-10-28 21:22:54 [http-nio-8080-exec-2] ERROR FileUploadService:19  - org.springframework.security.web.FilterChainProxy$VirtualFilterChain.doFilter(FilterChainProxy.java:346)
2025-10-28 21:22:54 [http-nio-8080-exec-2] ERROR FileUploadService:19  - org.springframework.security.web.header.HeaderWriterFilter.doHeadersAfter(HeaderWriterFilter.java:90)
2025-10-28 21:22:54 [http-nio-8080-exec-2] ERROR FileUploadService:19  - org.springframework.security.web.header.HeaderWriterFilter.doFilterInternal(HeaderWriterFilter.java:75)
2025-10-28 21:22:54 [http-nio-8080-exec-2] ERROR FileUploadService:19  - org.springframework.web.filter.OncePerRequestFilter.doFilter(OncePerRequestFilter.java:117)
2025-10-28 21:22:54 [http-nio-8080-exec-2] ERROR FileUploadService:19  - org.springframework.security.web.FilterChainProxy$VirtualFilterChain.doFilter(FilterChainProxy.java:346)
2025-10-28 21:22:54 [http-nio-8080-exec-2] ERROR FileUploadService:19  - org.springframework.security.web.context.SecurityContextPersistenceFilter.doFilter(SecurityContextPersistenceFilter.java:112)
2025-10-28 21:22:54 [http-nio-8080-exec-2] ERROR FileUploadService:19  - org.springframework.security.web.context.SecurityContextPersistenceFilter.doFilter(SecurityContextPersistenceFilter.java:82)
2025-10-28 21:22:54 [http-nio-8080-exec-2] ERROR FileUploadService:19  - org.springframework.security.web.FilterChainProxy$VirtualFilterChain.doFilter(FilterChainProxy.java:346)
2025-10-28 21:22:54 [http-nio-8080-exec-2] ERROR FileUploadService:19  - org.springframework.security.web.context.request.async.WebAsyncManagerIntegrationFilter.doFilterInternal(WebAsyncManagerIntegrationFilter.java:55)
2025-10-28 21:22:54 [http-nio-8080-exec-2] ERROR FileUploadService:19  - org.springframework.web.filter.OncePerRequestFilter.doFilter(OncePerRequestFilter.java:117)
2025-10-28 21:22:54 [http-nio-8080-exec-2] ERROR FileUploadService:19  - org.springframework.security.web.FilterChainProxy$VirtualFilterChain.doFilter(FilterChainProxy.java:346)
2025-10-28 21:22:54 [http-nio-8080-exec-2] ERROR FileUploadService:19  - org.springframework.security.web.session.DisableEncodeUrlFilter.doFilterInternal(DisableEncodeUrlFilter.java:42)
2025-10-28 21:22:54 [http-nio-8080-exec-2] ERROR FileUploadService:19  - org.springframework.web.filter.OncePerRequestFilter.doFilter(OncePerRequestFilter.java:117)
2025-10-28 21:22:54 [http-nio-8080-exec-2] ERROR FileUploadService:19  - org.springframework.security.web.FilterChainProxy$VirtualFilterChain.doFilter(FilterChainProxy.java:346)
2025-10-28 21:22:54 [http-nio-8080-exec-2] ERROR FileUploadService:19  - org.springframework.security.web.FilterChainProxy.doFilterInternal(FilterChainProxy.java:221)
2025-10-28 21:22:54 [http-nio-8080-exec-2] ERROR FileUploadService:19  - org.springframework.security.web.FilterChainProxy.doFilter(FilterChainProxy.java:186)
2025-10-28 21:22:54 [http-nio-8080-exec-2] ERROR FileUploadService:19  - org.springframework.web.filter.DelegatingFilterProxy.invokeDelegate(DelegatingFilterProxy.java:354)
2025-10-28 21:22:54 [http-nio-8080-exec-2] ERROR FileUploadService:19  - org.springframework.web.filter.DelegatingFilterProxy.doFilter(DelegatingFilterProxy.java:267)
2025-10-28 21:22:54 [http-nio-8080-exec-2] ERROR FileUploadService:19  - org.apache.catalina.core.ApplicationFilterChain.internalDoFilter(ApplicationFilterChain.java:178)
2025-10-28 21:22:54 [http-nio-8080-exec-2] ERROR FileUploadService:19  - org.apache.catalina.core.ApplicationFilterChain.doFilter(ApplicationFilterChain.java:153)
2025-10-28 21:22:54 [http-nio-8080-exec-2] ERROR FileUploadService:19  - org.springframework.web.filter.RequestContextFilter.doFilterInternal(RequestContextFilter.java:100)
2025-10-28 21:22:54 [http-nio-8080-exec-2] ERROR FileUploadService:19  - org.springframework.web.filter.OncePerRequestFilter.doFilter(OncePerRequestFilter.java:117)
2025-10-28 21:22:54 [http-nio-8080-exec-2] ERROR FileUploadService:19  - org.apache.catalina.core.ApplicationFilterChain.internalDoFilter(ApplicationFilterChain.java:178)
2025-10-28 21:22:54 [http-nio-8080-exec-2] ERROR FileUploadService:19  - org.apache.catalina.core.ApplicationFilterChain.doFilter(ApplicationFilterChain.java:153)
2025-10-28 21:22:54 [http-nio-8080-exec-2] ERROR FileUploadService:19  - org.springframework.web.filter.FormContentFilter.doFilterInternal(FormContentFilter.java:93)
2025-10-28 21:22:54 [http-nio-8080-exec-2] ERROR FileUploadService:19  - org.springframework.web.filter.OncePerRequestFilter.doFilter(OncePerRequestFilter.java:117)
2025-10-28 21:22:54 [http-nio-8080-exec-2] ERROR FileUploadService:19  - org.apache.catalina.core.ApplicationFilterChain.internalDoFilter(ApplicationFilterChain.java:178)
2025-10-28 21:22:54 [http-nio-8080-exec-2] ERROR FileUploadService:19  - org.apache.catalina.core.ApplicationFilterChain.doFilter(ApplicationFilterChain.java:153)
2025-10-28 21:22:54 [http-nio-8080-exec-2] ERROR FileUploadService:19  - org.springframework.boot.actuate.metrics.web.servlet.WebMvcMetricsFilter.doFilterInternal(WebMvcMetricsFilter.java:96)
2025-10-28 21:22:54 [http-nio-8080-exec-2] ERROR FileUploadService:19  - org.springframework.web.filter.OncePerRequestFilter.doFilter(OncePerRequestFilter.java:117)
2025-10-28 21:22:54 [http-nio-8080-exec-2] ERROR FileUploadService:19  - org.apache.catalina.core.ApplicationFilterChain.internalDoFilter(ApplicationFilterChain.java:178)
2025-10-28 21:22:54 [http-nio-8080-exec-2] ERROR FileUploadService:19  - org.apache.catalina.core.ApplicationFilterChain.doFilter(ApplicationFilterChain.java:153)
2025-10-28 21:22:54 [http-nio-8080-exec-2] ERROR FileUploadService:19  - org.springframework.web.filter.CharacterEncodingFilter.doFilterInternal(CharacterEncodingFilter.java:201)
2025-10-28 21:22:54 [http-nio-8080-exec-2] ERROR FileUploadService:19  - org.springframework.web.filter.OncePerRequestFilter.doFilter(OncePerRequestFilter.java:117)
2025-10-28 21:22:54 [http-nio-8080-exec-2] ERROR FileUploadService:19  - org.apache.catalina.core.ApplicationFilterChain.internalDoFilter(ApplicationFilterChain.java:178)
2025-10-28 21:22:54 [http-nio-8080-exec-2] ERROR FileUploadService:19  - org.apache.catalina.core.ApplicationFilterChain.doFilter(ApplicationFilterChain.java:153)
2025-10-28 21:22:54 [http-nio-8080-exec-2] ERROR FileUploadService:19  - org.apache.catalina.core.StandardWrapperValve.invoke(StandardWrapperValve.java:168)
2025-10-28 21:22:54 [http-nio-8080-exec-2] ERROR FileUploadService:19  - org.apache.catalina.core.StandardContextValve.invoke(StandardContextValve.java:90)
2025-10-28 21:22:54 [http-nio-8080-exec-2] ERROR FileUploadService:19  - org.apache.catalina.authenticator.AuthenticatorBase.invoke(AuthenticatorBase.java:481)
2025-10-28 21:22:54 [http-nio-8080-exec-2] ERROR FileUploadService:19  - org.apache.catalina.core.StandardHostValve.invoke(StandardHostValve.java:130)
2025-10-28 21:22:54 [http-nio-8080-exec-2] ERROR FileUploadService:19  - org.apache.catalina.valves.ErrorReportValve.invoke(ErrorReportValve.java:93)
2025-10-28 21:22:54 [http-nio-8080-exec-2] ERROR FileUploadService:19  - org.apache.catalina.core.StandardEngineValve.invoke(StandardEngineValve.java:74)
2025-10-28 21:22:54 [http-nio-8080-exec-2] ERROR FileUploadService:19  - org.apache.catalina.connector.CoyoteAdapter.service(CoyoteAdapter.java:342)
2025-10-28 21:22:54 [http-nio-8080-exec-2] ERROR FileUploadService:19  - org.apache.coyote.http11.Http11Processor.service(Http11Processor.java:390)
2025-10-28 21:22:54 [http-nio-8080-exec-2] ERROR FileUploadService:19  - org.apache.coyote.AbstractProcessorLight.process(AbstractProcessorLight.java:63)
2025-10-28 21:22:54 [http-nio-8080-exec-2] ERROR FileUploadService:19  - org.apache.coyote.AbstractProtocol$ConnectionHandler.process(AbstractProtocol.java:928)
2025-10-28 21:22:54 [http-nio-8080-exec-2] ERROR FileUploadService:19  - org.apache.tomcat.util.net.NioEndpoint$SocketProcessor.doRun(NioEndpoint.java:1794)
2025-10-28 21:22:54 [http-nio-8080-exec-2] ERROR FileUploadService:19  - org.apache.tomcat.util.net.SocketProcessorBase.run(SocketProcessorBase.java:52)
2025-10-28 21:22:54 [http-nio-8080-exec-2] ERROR FileUploadService:19  - org.apache.tomcat.util.threads.ThreadPoolExecutor.runWorker(ThreadPoolExecutor.java:1191)
2025-10-28 21:22:54 [http-nio-8080-exec-2] ERROR FileUploadService:19  - org.apache.tomcat.util.threads.ThreadPoolExecutor$Worker.run(ThreadPoolExecutor.java:659)
2025-10-28 21:22:54 [http-nio-8080-exec-2] ERROR FileUploadService:19  - org.apache.tomcat.util.threads.TaskThread$WrappingRunnable.run(TaskThread.java:61)
2025-10-28 21:22:54 [http-nio-8080-exec-2] ERROR FileUploadService:19  - java.base/java.lang.Thread.run(Thread.java:1583)
